// Jest Snapshot v1, https://goo.gl/fbAQLP

exports[`circle circle is changing 1`] = `
<div
  className="content "
>
  <div
    className="text text_type_input text_color_input mb-4 absolute head element"
    data-testid="head"
  />
  <div
    className="circle   changing"
    data-testid="stringCircle"
  >
    <p
      className="text text_type_circle text_color_input letter"
      data-testid="contentCircle"
    />
  </div>
  <p
    className="text text_type_input text_color_input mt-4 absolute index"
    data-testid="circleIndex"
  />
  <div
    className="text text_type_input text_color_input mt-4 absolute tail30 element"
    data-testid="tail"
  />
</div>
`;

exports[`circle circle is default 1`] = `
<div
  className="content "
>
  <div
    className="text text_type_input text_color_input mb-4 absolute head element"
    data-testid="head"
  />
  <div
    className="circle   default"
    data-testid="stringCircle"
  >
    <p
      className="text text_type_circle text_color_input letter"
      data-testid="contentCircle"
    />
  </div>
  <p
    className="text text_type_input text_color_input mt-4 absolute index"
    data-testid="circleIndex"
  />
  <div
    className="text text_type_input text_color_input mt-4 absolute tail30 element"
    data-testid="tail"
  />
</div>
`;

exports[`circle circle is modified 1`] = `
<div
  className="content "
>
  <div
    className="text text_type_input text_color_input mb-4 absolute head element"
    data-testid="head"
  />
  <div
    className="circle   modified"
    data-testid="stringCircle"
  >
    <p
      className="text text_type_circle text_color_input letter"
      data-testid="contentCircle"
    />
  </div>
  <p
    className="text text_type_input text_color_input mt-4 absolute index"
    data-testid="circleIndex"
  />
  <div
    className="text text_type_input text_color_input mt-4 absolute tail30 element"
    data-testid="tail"
  />
</div>
`;

exports[`circle circle is small 1`] = `
<div
  className="content "
>
  <div
    className="text text_type_input text_color_input mb-4 absolute head element"
    data-testid="head"
  />
  <div
    className="circle  small default"
    data-testid="circleTarget"
  >
    <p
      className="text text_type_circle text_color_input letter"
      data-testid="contentCircle"
    />
  </div>
  <p
    className="text text_type_input text_color_input mt-4 absolute index"
    data-testid="circleIndex"
  />
  <div
    className="text text_type_input text_color_input mt-4 absolute tail30 element"
    data-testid="tail"
  />
</div>
`;

exports[`circle circle with head 1`] = `
<div
  className="content "
>
  <div
    className="text text_type_input text_color_input mb-4 absolute head element"
    data-testid="head"
  >
    <div
      className="content "
    >
      <div
        className="text text_type_input text_color_input mb-4 absolute head element"
        data-testid="head"
      />
      <div
        className="circle   default"
        data-testid="stringCircle"
      >
        <p
          className="text text_type_circle text_color_input letter"
          data-testid="contentCircle"
        />
      </div>
      <p
        className="text text_type_input text_color_input mt-4 absolute index"
        data-testid="circleIndex"
      />
      <div
        className="text text_type_input text_color_input mt-4 absolute tail30 element"
        data-testid="tail"
      />
    </div>
  </div>
  <div
    className="circle   default"
    data-testid="stringCircle"
  >
    <p
      className="text text_type_circle text_color_input letter"
      data-testid="contentCircle"
    />
  </div>
  <p
    className="text text_type_input text_color_input mt-4 absolute index"
    data-testid="circleIndex"
  />
  <div
    className="text text_type_input text_color_input mt-4 absolute tail30 element"
    data-testid="tail"
  />
</div>
`;

exports[`circle circle with index 1`] = `
<div
  className="content "
>
  <div
    className="text text_type_input text_color_input mb-4 absolute head element"
    data-testid="head"
  />
  <div
    className="circle   default"
    data-testid="stringCircle"
  >
    <p
      className="text text_type_circle text_color_input letter"
      data-testid="contentCircle"
    />
  </div>
  <p
    className="text text_type_input text_color_input mt-4 absolute index"
    data-testid="circleIndex"
  >
    2
  </p>
  <div
    className="text text_type_input text_color_input mt-4 absolute tail60 element"
    data-testid="tail"
  />
</div>
`;

exports[`circle circle with tail 1`] = `
<div
  className="content "
>
  <div
    className="text text_type_input text_color_input mb-4 absolute head element"
    data-testid="head"
  />
  <div
    className="circle   default"
    data-testid="stringCircle"
  >
    <p
      className="text text_type_circle text_color_input letter"
      data-testid="contentCircle"
    />
  </div>
  <p
    className="text text_type_input text_color_input mt-4 absolute index"
    data-testid="circleIndex"
  />
  <div
    className="text text_type_input text_color_input mt-4 absolute tail30 element"
    data-testid="tail"
  >
    <div
      className="content "
    >
      <div
        className="text text_type_input text_color_input mb-4 absolute head element"
        data-testid="head"
      />
      <div
        className="circle   default"
        data-testid="stringCircle"
      >
        <p
          className="text text_type_circle text_color_input letter"
          data-testid="contentCircle"
        />
      </div>
      <p
        className="text text_type_input text_color_input mt-4 absolute index"
        data-testid="circleIndex"
      />
      <div
        className="text text_type_input text_color_input mt-4 absolute tail30 element"
        data-testid="tail"
      />
    </div>
  </div>
</div>
`;

exports[`circle circle with text 1`] = `
<div
  className="content "
>
  <div
    className="text text_type_input text_color_input mb-4 absolute head element"
    data-testid="head"
  />
  <div
    className="circle   default"
    data-testid="stringCircle"
  >
    <p
      className="text text_type_circle text_color_input letter"
      data-testid="contentCircle"
    >
      ÐŸ
    </p>
  </div>
  <p
    className="text text_type_input text_color_input mt-4 absolute index"
    data-testid="circleIndex"
  />
  <div
    className="text text_type_input text_color_input mt-4 absolute tail30 element"
    data-testid="tail"
  />
</div>
`;

exports[`circle empty circle 1`] = `
<div
  className="content "
>
  <div
    className="text text_type_input text_color_input mb-4 absolute head element"
    data-testid="head"
  />
  <div
    className="circle   default"
    data-testid="stringCircle"
  >
    <p
      className="text text_type_circle text_color_input letter"
      data-testid="contentCircle"
    />
  </div>
  <p
    className="text text_type_input text_color_input mt-4 absolute index"
    data-testid="circleIndex"
  />
  <div
    className="text text_type_input text_color_input mt-4 absolute tail30 element"
    data-testid="tail"
  />
</div>
`;
